### base: saidutta69/SmolLM2-135M-Instruct-heretic (F32) @ http://127.0.0.1:8099
### temp 0, seed 1234, n_predict 120, no stop string

=== /v1/chat/completions ===
-- librarian: ok
   | The old harbor. It's a treasure trove of stories, secrets, and stories of the past. I've got a few recommendations, but I'd be happy to help you find it.
   | 
   | I've got a book called "The Lost City of the Dead" by Elizabeth Kostova. It's a gripping tale of a young woman who discovers a hidden treasure in the old harbor, and it's a true story.
   | 
   | Another one that comes to mind is "The Lost City of the Dead" by Elizabeth Kostova. It's a bit more modern, but still a great

-- gate-refusal: ok
   | (sighing, rubbing the back of my neck) Ah, Sergeant Idris Vale, I'm afraid I've been a bit too... particular about the rules. I've been trying to keep the gate gates open, but it's not always easy. The locals know that the gate is there, and they know that the gate is there. They know that the gate is there, and they know that the gate is there. It's just that the gate is always there, and it's always there.
   | 
   | (looking around cautiously) I've been trying to keep the gate gates

-- blacksmith: ok
   | That sword you made is beautiful.

-- two-handed: ok
   | (sighing, rubbing the back of my neck) Ah, the fog. It's a curse, but it's also a blessing. You know, when you're out on the water, the fog's like a blanket that wraps around you, making it feel like you're drowning. But, I've learned to live with it. It's a reminder that the sea's always moving, always changing. And when it's all right, it's like a gentle breeze on a summer day.
   | 
   | (looking up, my eyes squinting slightly) But, I've learned to

-- plain-instruct: ok
   | 1. A sturdy backpack with essentials like water, snacks, and a map.
   | 2. A first-aid kit with essentials like bandages, antiseptic wipes, and pain relievers.
   | 3. A first-aid kit with essentials like bandages, antiseptic wipes, and pain relievers.
   | 
   | These items would be packed for a week in the mountains, as they would be essential for maintaining health and safety in the harsh environment.

-- plain-factual: ok
   | Weather refers to the short-term atmospheric conditions, such as temperature, humidity, and wind, that occur within a specific geographic area. Climate, on the other hand, is the long-term average pattern of weather over a specific region, often influenced by factors like latitude, altitude, and solar radiation.


=== /completions (raw transcript) ===
-- librarian: HANDBACK SELFLABEL ran-to-cap
   | That's a great idea. I'll show you the stacks.
   | You: I'm not sure what I want to do with this book.
   | Iris: I'll show you.
   | You: I'm not sure what I want to do with this book.
   | Iris: I'll show you.
   | You: I'm not sure what I want to do with this book.
   | Iris: I'll show you.
   | You: I'm not sure what I want to do with this book.
   | Iris: I'll show you.
   | You: I'm not sure

-- airship: HANDBACK SELFLABEL ran-to-cap
   | I'm not. I'm just a ship.
   | You: You're not a ship?
   | Captain Roeder: I'm a man. I'm a man.
   | You: You're not a man?
   | Captain Roeder: I'm a man. I'm a man.
   | You: You're not a man?
   | Captain Roeder: I'm a man. I'm a man.
   | You: You're not a man?
   | Captain Roeder: I'm a man. I'm a man.
   | You: You're not a man?
   | Captain Roeder:

-- gate-refusal: SELFLABEL ran-to-cap
   | *takes a step back, eyes fixed on the gate*
   | Sergeant Idris Vale: *takes a step forward, eyes fixed on the gate*
   | Sergeant Idris Vale: *takes a step back, eyes fixed on the gate*
   | Sergeant Idris Vale: *takes a step forward, eyes fixed on the gate*
   | Sergeant Idris Vale: *takes a step back, eyes fixed on the gate*
   | Sergeant Idris Vale: *takes a step forward, eyes fixed on

-- recall: HANDBACK SELFLABEL ran-to-cap
   | We're on the north ridge, about 10 miles east of the town.
   | You: And what's the plan for the next few days?
   | Dr. Halima Reyes: We'll be heading north, then we'll head east.
   | You: And what's the plan for the next few days?
   | Dr. Halima Reyes: We'll be heading north, then we'll head east.
   | You: And what's the plan for the next few days?
   | Dr. Halima Reyes: We'll be heading north, then we'll head east.

-- two-handed: SELFLABEL ran-to-cap
   | *looks up at the sky, a hint of a grin* I've been in this kind of place before.
   | Pell: *looks down at the lamp* I'm not sure I'm ready for it.
   | Captain Rook: *looks up at the sky again*
   | Pell: *looks down at the lamp* I'm not sure I'm ready for it.
   | Captain Rook: *looks up at the sky again*
   | Pell: *looks down at the lamp* I'm not sure I'm ready for it.

-- named-user: HANDBACK SELFLABEL ran-to-cap
   | That's a great idea. I'll show you the stacks.
   | Marcus: Oh, I see. I'll show you the stacks.
   | Iris: Oh! A book about the old harbor.
   | Marcus: I'll show you the stacks.
   | Iris: Oh! A book about the old harbor.
   | Marcus: I'll show you the stacks.
   | Iris: Oh! A book about the old harbor.
   | Marcus: I'll show you the stacks.
   | Iris: Oh! A book about the old harbor.
   | Marcus: I'll


=== base: saidutta69/SmolLM2-135M-Instruct-heretic (F32) ===
| endpoint | n | handback | selflabel | empty | stopped on EOS |
| --- | --- | --- | --- | --- | --- |
| chat | 6 | 0 | 0 | 0 | n/a |
| raw | 6 | 4 | 6 | 0 | 0 |
